---
# Source: cockroachdb-ca/templates/external-secret.yaml
apiVersion: external-secrets.io/v1alpha1
kind: ExternalSecret
metadata:
  name: cockroachdb.ca
  namespace: cockroachdb
spec:
  secretStoreRef:
    name: vault-backend
    kind: ClusterSecretStore
  target:
    name: cockroachdb.ca
    creationPolicy: Owner
  data:
  - secretKey: ca.crt
    remoteRef:
      key: secret/hub/cockroachdb-root-ca-crt
      property: content
  - secretKey: ca.key
    remoteRef:
      key: secret/hub/cockroachdb-root-ca-key
      property: content
---
# Source: cockroachdb-ca/templates/cockroachdb-ca-sync-policy.yaml
apiVersion: policy.open-cluster-management.io/v1
kind: PlacementBinding
metadata:
  name: cockroachdb-ca-sync-placement-binding
placementRef:
  name: cockroachdb-ca-sync-placement
  kind: PlacementRule
  apiGroup: apps.open-cluster-management.io
subjects:
  - name: cockroachdb-ca-sync-policy
    kind: Policy
    apiGroup: policy.open-cluster-management.io
---
# Source: cockroachdb-ca/templates/cockroachdb-ca-sync-policy.yaml
# We need to run this on any managed cluster but not on the HUB
apiVersion: apps.open-cluster-management.io/v1
kind: PlacementRule
metadata:
  name: cockroachdb-ca-sync-placement
spec:
  # This will go to all clusters
  clusterConditions:
    - status: 'True'
      type: ManagedClusterConditionAvailable
---
# Source: cockroachdb-ca/templates/cockroachdb-ca-sync-policy.yaml
apiVersion: policy.open-cluster-management.io/v1
kind: Policy
metadata:
  name: cockroachdb-ca-sync-policy
spec:
  remediationAction: enforce
  disabled: false
  policy-templates:
    - objectDefinition:
        apiVersion: policy.open-cluster-management.io/v1
        kind: ConfigurationPolicy
        metadata:
          name: cockroachdb-ca-sync
          annotations:
            apps.open-cluster-management.io/deployables: "secret"
        spec:
          remediationAction: enforce
          severity: medium
          namespaceSelector:
            include:
              - default
          object-templates:
            - complianceType: mustonlyhave
              objectDefinition:
                kind: Secret
                type: Opaque
                metadata:
                  name: cockroachdb.ca
                  namespace: cockroachdb
                apiVersion: v1
                data:
                  ca.crt: '{{hub index (lookup "v1" "Secret" "cockroachdb" "cockroachdb.ca").data "ca.crt" hub}}'
                  ca.key: '{{hub index (lookup "v1" "Secret" "cockroachdb" "cockroachdb.ca").data "ca.key" hub}}'
