---
# Source: submariner/templates/submariner.yaml
apiVersion: submariner.io/v1alpha1
kind: Broker
metadata:
  name: submariner-broker
  namespace: hub-broker
spec:
  globalnetEnabled: false
---
# Source: submariner/templates/submariner.yaml
apiVersion: external-secrets.io/v1alpha1
kind: ExternalSecret
metadata:
  name: region-one-aws-creds
  namespace: region-one
spec:
  secretStoreRef:
    name: "vault-backend"
    kind: ClusterSecretStore
  target:
    name: region-one-aws-creds
    creationPolicy: Owner
  data:
  - secretKey: aws_access_key_id
    remoteRef:
      key: secret/hub/region-one-cloud-creds
      property: aws_access_key_id
  - secretKey: aws_secret_access_key
    remoteRef:
      key: secret/hub/region-one-cloud-creds
      property: aws_secret_access_key
---
# Source: submariner/templates/submariner.yaml
apiVersion: external-secrets.io/v1alpha1
kind: ExternalSecret
metadata:
  name: region-three-gcp-creds
  namespace: region-three
spec:
  secretStoreRef:
    name: "vault-backend"
    kind: ClusterSecretStore
  target:
    name: region-three-gcp-creds
    creationPolicy: Owner
  data:
  - secretKey: osServiceAccount.json
    remoteRef:
      key: secret/hub/region-three-cloud-creds
      property: content
---
# Source: submariner/templates/submariner.yaml
apiVersion: addon.open-cluster-management.io/v1alpha1
kind: ManagedClusterAddOn
metadata:
  name: submariner
  namespace:  region-one
spec:
  installNamespace: submariner-operator
---
# Source: submariner/templates/submariner.yaml
apiVersion: addon.open-cluster-management.io/v1alpha1
kind: ManagedClusterAddOn
metadata:
  name: submariner
  namespace:  region-three
spec:
  installNamespace: submariner-operator
---
# Source: submariner/templates/submariner.yaml
apiVersion: addon.open-cluster-management.io/v1alpha1
kind: ManagedClusterAddOn
metadata:
  name: submariner
  namespace:  region-two
spec:
  installNamespace: submariner-operator
---
# Source: submariner/templates/submariner.yaml
apiVersion: submarineraddon.open-cluster-management.io/v1alpha1
kind: SubmarinerConfig
metadata:
  name: submariner
  namespace:  region-one
spec:
  gatewayConfig:
    gateways: 1
    aws:
      instanceType: m5.xlarge
  IPSecNATTPort: 4500
  NATTEnable: true
  cableDriver: libreswan
  credentialsSecret:
    name: region-one-aws-creds
---
# Source: submariner/templates/submariner.yaml
apiVersion: submarineraddon.open-cluster-management.io/v1alpha1
kind: SubmarinerConfig
metadata:
  name: submariner
  namespace: region-three
spec:
  gatewayConfig:
    gateways: 1
  IPSecNATTPort: 4500
  NATTEnable: true
  cableDriver: libreswan
  credentialsSecret:
    name: region-three-gcp-creds
